[2026-04-13T20:43:11] Ejecucion unica del ciclo
[2026-04-13T20:43:12] Generando reporte diario
[2026-04-13T20:43:13] Ejecutando auto-optimizacion
[2026-04-13T20:43:15] .env actualizado por auto-optimizacion
[2026-04-13T20:43:15] Reiniciando bot live por cambios en .env
[2026-04-13T20:43:16] Bot live reiniciado
[2026-04-13T20:43:33] Ejecucion unica del ciclo
[2026-04-13T20:43:34] Generando reporte diario
[2026-04-13T20:43:35] Ejecutando auto-optimizacion
[2026-04-13T20:43:37] .env actualizado por auto-optimizacion
[2026-04-13T20:43:37] Reiniciando bot live por cambios en .env
[2026-04-13T20:43:37] Bot live reiniciado
[2026-04-13T20:46:12] Ejecucion unica del ciclo
[2026-04-13T20:46:12] Generando reporte diario (pre-check)
[2026-04-13T20:46:14] Ejecutando auto-optimizacion
[2026-04-13T20:46:15] .env actualizado por auto-optimizacion
[2026-04-13T20:46:15] Reiniciando bot live por cambios en .env
[2026-04-13T20:46:16] Bot live reiniciado
[2026-04-13T20:46:43] Ejecucion unica del ciclo
[2026-04-13T20:46:43] Generando reporte diario (pre-check)
[2026-04-13T20:46:45] Ejecutando auto-optimizacion
[2026-04-13T20:46:46] .env actualizado por auto-optimizacion
[2026-04-13T20:46:46] Reiniciando bot live por cambios en .env
[2026-04-13T20:46:47] Bot live reiniciado
[2026-04-13T20:46:49] Nuevo baseline estable guardado
